Checkpoint files will always be loaded safely.
Total VRAM 16376 MB, total RAM 32487 MB
pytorch version: 2.6.0+cu118
Set vram state to: NORMAL_VRAM
Device: cuda:0 NVIDIA GeForce RTX 4080 : cudaMallocAsync
Using pytorch attention
ComfyUI version: 0.3.22
[Prompt Server] web root: C:\Users\josh2\AppData\Roaming\Python\Python313\site-packages\comfyui_frontend_package\static

Import times for custom nodes:
   0.0 seconds: D:\Tools\Dreamwave-Synthesia\ComfyUI\ComfyUI_windows_portable\ComfyUI\custom_nodes\websocket_image_save.py

Starting server

To see the GUI go to: http://127.0.0.1:8188
got prompt
Failed to validate prompt for output 9:
* CheckpointLoaderSimple 3:
  - Value not in list: ckpt_name: 'dreamshaper_8.safetensors' not in []
* KSampler 7:
  - Value not in list: sampler_name: 'euler_a' not in (list of length 34)
Output will be ignored
invalid prompt: {'type': 'prompt_outputs_failed_validation', 'message': 'Prompt outputs failed validation', 'details': '', 'extra_info': {}}
